// Jest Snapshot v1, https://goo.gl/fbAQLP

exports[`Login should render the component 1`] = `
Object {
  "asFragment": [Function],
  "baseElement": <body>
    <div>
      <div
        class=" flex justify-center flex-col items-center gap-6"
      >
        <h1
          class="text-center"
        >
          Login
        </h1>
        <div
          class="dropdown"
        >
          <label
            class="btn m-1"
            data-testid="existing-user-label"
            tabindex="0"
          >
            Existing User
          </label>
          <ul
            class="dropdown-content menu p-2 shadow bg-base-100 rounded-box w-52"
            tabindex="0"
          >
            <li>
              <span>
                Sarah Edo
              </span>
            </li>
            <li>
              <span>
                Tyler McGinnis
              </span>
            </li>
            <li>
              <span>
                Mike Tsamis
              </span>
            </li>
            <li>
              <span>
                Zenobia Oshikanlu
              </span>
            </li>
          </ul>
        </div>
        <form
          class="max-w-sm mx-auto"
        >
          <div
            class="mb-5"
          >
            <label
              class="block mb-2 text-sm font-medium text-gray-900 dark:text-white"
              data-testid="username-label"
              for="username"
            >
              Username
            </label>
            <input
              class="shadow-sm bg-gray-50 border border-gray-300 text-gray-900 text-sm rounded-lg focus:ring-blue-500 focus:border-blue-500 block w-full p-2.5 dark:bg-gray-700 dark:border-gray-600 dark:placeholder-gray-400 dark:text-white dark:focus:ring-blue-500 dark:focus:border-blue-500 dark:shadow-sm-light"
              data-testid="username-input"
              id="username"
              type="text"
              value="tylermcginnis"
            />
          </div>
          <div
            class="mb-5"
          >
            <label
              class="block mb-2 text-sm font-medium text-gray-900 dark:text-white"
              data-testid="password-label"
              for="password"
            >
              Password
            </label>
            <input
              class="shadow-sm bg-gray-50 border border-gray-300 text-gray-900 text-sm rounded-lg focus:ring-blue-500 focus:border-blue-500 block w-full p-2.5 dark:bg-gray-700 dark:border-gray-600 dark:placeholder-gray-400 dark:text-white dark:focus:ring-blue-500 dark:focus:border-blue-500 dark:shadow-sm-light"
              data-testid="password-input"
              id="password"
              type="password"
              value="abc321"
            />
          </div>
          <button
            class="btn text-white bg-blue-700 hover:bg-blue-800 focus:ring-4 focus:outline-none focus:ring-blue-300 font-medium rounded-lg text-sm px-5 py-2.5 text-center dark:bg-blue-600 dark:hover:bg-blue-700 dark:focus:ring-blue-800"
            data-testid="submit-login"
          >
            Login
          </button>
        </form>
      </div>
    </div>
  </body>,
  "container": <div>
    <div
      class=" flex justify-center flex-col items-center gap-6"
    >
      <h1
        class="text-center"
      >
        Login
      </h1>
      <div
        class="dropdown"
      >
        <label
          class="btn m-1"
          data-testid="existing-user-label"
          tabindex="0"
        >
          Existing User
        </label>
        <ul
          class="dropdown-content menu p-2 shadow bg-base-100 rounded-box w-52"
          tabindex="0"
        >
          <li>
            <span>
              Sarah Edo
            </span>
          </li>
          <li>
            <span>
              Tyler McGinnis
            </span>
          </li>
          <li>
            <span>
              Mike Tsamis
            </span>
          </li>
          <li>
            <span>
              Zenobia Oshikanlu
            </span>
          </li>
        </ul>
      </div>
      <form
        class="max-w-sm mx-auto"
      >
        <div
          class="mb-5"
        >
          <label
            class="block mb-2 text-sm font-medium text-gray-900 dark:text-white"
            data-testid="username-label"
            for="username"
          >
            Username
          </label>
          <input
            class="shadow-sm bg-gray-50 border border-gray-300 text-gray-900 text-sm rounded-lg focus:ring-blue-500 focus:border-blue-500 block w-full p-2.5 dark:bg-gray-700 dark:border-gray-600 dark:placeholder-gray-400 dark:text-white dark:focus:ring-blue-500 dark:focus:border-blue-500 dark:shadow-sm-light"
            data-testid="username-input"
            id="username"
            type="text"
            value="tylermcginnis"
          />
        </div>
        <div
          class="mb-5"
        >
          <label
            class="block mb-2 text-sm font-medium text-gray-900 dark:text-white"
            data-testid="password-label"
            for="password"
          >
            Password
          </label>
          <input
            class="shadow-sm bg-gray-50 border border-gray-300 text-gray-900 text-sm rounded-lg focus:ring-blue-500 focus:border-blue-500 block w-full p-2.5 dark:bg-gray-700 dark:border-gray-600 dark:placeholder-gray-400 dark:text-white dark:focus:ring-blue-500 dark:focus:border-blue-500 dark:shadow-sm-light"
            data-testid="password-input"
            id="password"
            type="password"
            value="abc321"
          />
        </div>
        <button
          class="btn text-white bg-blue-700 hover:bg-blue-800 focus:ring-4 focus:outline-none focus:ring-blue-300 font-medium rounded-lg text-sm px-5 py-2.5 text-center dark:bg-blue-600 dark:hover:bg-blue-700 dark:focus:ring-blue-800"
          data-testid="submit-login"
        >
          Login
        </button>
      </form>
    </div>
  </div>,
  "debug": [Function],
  "findAllByAltText": [Function],
  "findAllByDisplayValue": [Function],
  "findAllByLabelText": [Function],
  "findAllByPlaceholderText": [Function],
  "findAllByRole": [Function],
  "findAllByTestId": [Function],
  "findAllByText": [Function],
  "findAllByTitle": [Function],
  "findByAltText": [Function],
  "findByDisplayValue": [Function],
  "findByLabelText": [Function],
  "findByPlaceholderText": [Function],
  "findByRole": [Function],
  "findByTestId": [Function],
  "findByText": [Function],
  "findByTitle": [Function],
  "getAllByAltText": [Function],
  "getAllByDisplayValue": [Function],
  "getAllByLabelText": [Function],
  "getAllByPlaceholderText": [Function],
  "getAllByRole": [Function],
  "getAllByTestId": [Function],
  "getAllByText": [Function],
  "getAllByTitle": [Function],
  "getByAltText": [Function],
  "getByDisplayValue": [Function],
  "getByLabelText": [Function],
  "getByPlaceholderText": [Function],
  "getByRole": [Function],
  "getByTestId": [Function],
  "getByText": [Function],
  "getByTitle": [Function],
  "queryAllByAltText": [Function],
  "queryAllByDisplayValue": [Function],
  "queryAllByLabelText": [Function],
  "queryAllByPlaceholderText": [Function],
  "queryAllByRole": [Function],
  "queryAllByTestId": [Function],
  "queryAllByText": [Function],
  "queryAllByTitle": [Function],
  "queryByAltText": [Function],
  "queryByDisplayValue": [Function],
  "queryByLabelText": [Function],
  "queryByPlaceholderText": [Function],
  "queryByRole": [Function],
  "queryByTestId": [Function],
  "queryByText": [Function],
  "queryByTitle": [Function],
  "rerender": [Function],
  "unmount": [Function],
}
`;
