// Jest Snapshot v1, https://goo.gl/fbAQLP

exports[`Navbar should render the component 1`] = `
Object {
  "asFragment": [Function],
  "baseElement": <body>
    <div>
      <nav
        class="bg-white dark:bg-gray-900 w-full z-20 top-0 start-0 dark:border-gray-600"
      >
        <div
          class="max-w-screen-xl flex flex-wrap items-center justify-between mx-auto p-4"
        >
          <a
            class="flex items-center space-x-3 rtl:space-x-reverse"
            data-testid="logo"
            href="/"
          >
            <span
              class="self-center text-2xl font-semibold whitespace-nowrap dark:text-white"
            >
              Employee Poll
            </span>
          </a>
          <div
            class="flex md:order-2 space-x-3 md:space-x-0 rtl:space-x-reverse"
          >
            <h2
              class="px-2 self-center text-1xl whitespace-nowrap dark:text-white"
              data-testid="authUserName"
            />
            <button
              class="text-white bg-blue-700 hover:bg-blue-800 focus:ring-4 focus:outline-none focus:ring-blue-300 font-medium rounded-lg text-sm px-4 py-2 text-center dark:bg-blue-600 dark:hover:bg-blue-700 dark:focus:ring-blue-800"
              data-testid="logout-link"
            >
              Logout
            </button>
          </div>
          <div
            class="items-center justify-between hidden w-full md:flex md:w-auto md:order-1"
            id="navbar-sticky"
          >
            <ul
              class="flex flex-col p-4 md:p-0 mt-4 font-medium rounded-lg bg-gray-50 md:space-x-8 rtl:space-x-reverse md:flex-row md:mt-0 md:border-0 md:bg-white dark:bg-gray-800"
            >
              <li>
                <a
                  class="block py-2 px-3 text-gray-900 rounded hover:bg-gray-100 md:hover:bg-transparent md:hover:text-blue-700 md:p-0 md:dark:hover:text-blue-500 dark:text-white dark:hover:bg-gray-700 dark:hover:text-white md:dark:hover:bg-transparent dark:border-gray-700"
                  data-testid="home-link"
                  href="/"
                >
                  Home
                </a>
              </li>
              <li>
                <a
                  class="block py-2 px-3 text-gray-900 rounded hover:bg-gray-100 md:hover:bg-transparent md:hover:text-blue-700 md:p-0 md:dark:hover:text-blue-500 dark:text-white dark:hover:bg-gray-700 dark:hover:text-white md:dark:hover:bg-transparent dark:border-gray-700"
                  data-testid="new-poll-link"
                  href="/add"
                >
                  New Poll
                </a>
              </li>
              <li>
                <a
                  class="block py-2 px-3 text-gray-900 rounded hover:bg-gray-100 md:hover:bg-transparent md:hover:text-blue-700 md:p-0 md:dark:hover:text-blue-500 dark:text-white dark:hover:bg-gray-700 dark:hover:text-white md:dark:hover:bg-transparent dark:border-gray-700"
                  data-testid="leaderboard-link"
                  href="/leaderboard"
                >
                  Leaderboard
                </a>
              </li>
            </ul>
          </div>
        </div>
      </nav>
    </div>
  </body>,
  "container": <div>
    <nav
      class="bg-white dark:bg-gray-900 w-full z-20 top-0 start-0 dark:border-gray-600"
    >
      <div
        class="max-w-screen-xl flex flex-wrap items-center justify-between mx-auto p-4"
      >
        <a
          class="flex items-center space-x-3 rtl:space-x-reverse"
          data-testid="logo"
          href="/"
        >
          <span
            class="self-center text-2xl font-semibold whitespace-nowrap dark:text-white"
          >
            Employee Poll
          </span>
        </a>
        <div
          class="flex md:order-2 space-x-3 md:space-x-0 rtl:space-x-reverse"
        >
          <h2
            class="px-2 self-center text-1xl whitespace-nowrap dark:text-white"
            data-testid="authUserName"
          />
          <button
            class="text-white bg-blue-700 hover:bg-blue-800 focus:ring-4 focus:outline-none focus:ring-blue-300 font-medium rounded-lg text-sm px-4 py-2 text-center dark:bg-blue-600 dark:hover:bg-blue-700 dark:focus:ring-blue-800"
            data-testid="logout-link"
          >
            Logout
          </button>
        </div>
        <div
          class="items-center justify-between hidden w-full md:flex md:w-auto md:order-1"
          id="navbar-sticky"
        >
          <ul
            class="flex flex-col p-4 md:p-0 mt-4 font-medium rounded-lg bg-gray-50 md:space-x-8 rtl:space-x-reverse md:flex-row md:mt-0 md:border-0 md:bg-white dark:bg-gray-800"
          >
            <li>
              <a
                class="block py-2 px-3 text-gray-900 rounded hover:bg-gray-100 md:hover:bg-transparent md:hover:text-blue-700 md:p-0 md:dark:hover:text-blue-500 dark:text-white dark:hover:bg-gray-700 dark:hover:text-white md:dark:hover:bg-transparent dark:border-gray-700"
                data-testid="home-link"
                href="/"
              >
                Home
              </a>
            </li>
            <li>
              <a
                class="block py-2 px-3 text-gray-900 rounded hover:bg-gray-100 md:hover:bg-transparent md:hover:text-blue-700 md:p-0 md:dark:hover:text-blue-500 dark:text-white dark:hover:bg-gray-700 dark:hover:text-white md:dark:hover:bg-transparent dark:border-gray-700"
                data-testid="new-poll-link"
                href="/add"
              >
                New Poll
              </a>
            </li>
            <li>
              <a
                class="block py-2 px-3 text-gray-900 rounded hover:bg-gray-100 md:hover:bg-transparent md:hover:text-blue-700 md:p-0 md:dark:hover:text-blue-500 dark:text-white dark:hover:bg-gray-700 dark:hover:text-white md:dark:hover:bg-transparent dark:border-gray-700"
                data-testid="leaderboard-link"
                href="/leaderboard"
              >
                Leaderboard
              </a>
            </li>
          </ul>
        </div>
      </div>
    </nav>
  </div>,
  "debug": [Function],
  "findAllByAltText": [Function],
  "findAllByDisplayValue": [Function],
  "findAllByLabelText": [Function],
  "findAllByPlaceholderText": [Function],
  "findAllByRole": [Function],
  "findAllByTestId": [Function],
  "findAllByText": [Function],
  "findAllByTitle": [Function],
  "findByAltText": [Function],
  "findByDisplayValue": [Function],
  "findByLabelText": [Function],
  "findByPlaceholderText": [Function],
  "findByRole": [Function],
  "findByTestId": [Function],
  "findByText": [Function],
  "findByTitle": [Function],
  "getAllByAltText": [Function],
  "getAllByDisplayValue": [Function],
  "getAllByLabelText": [Function],
  "getAllByPlaceholderText": [Function],
  "getAllByRole": [Function],
  "getAllByTestId": [Function],
  "getAllByText": [Function],
  "getAllByTitle": [Function],
  "getByAltText": [Function],
  "getByDisplayValue": [Function],
  "getByLabelText": [Function],
  "getByPlaceholderText": [Function],
  "getByRole": [Function],
  "getByTestId": [Function],
  "getByText": [Function],
  "getByTitle": [Function],
  "queryAllByAltText": [Function],
  "queryAllByDisplayValue": [Function],
  "queryAllByLabelText": [Function],
  "queryAllByPlaceholderText": [Function],
  "queryAllByRole": [Function],
  "queryAllByTestId": [Function],
  "queryAllByText": [Function],
  "queryAllByTitle": [Function],
  "queryByAltText": [Function],
  "queryByDisplayValue": [Function],
  "queryByLabelText": [Function],
  "queryByPlaceholderText": [Function],
  "queryByRole": [Function],
  "queryByTestId": [Function],
  "queryByText": [Function],
  "queryByTitle": [Function],
  "rerender": [Function],
  "unmount": [Function],
}
`;
